// Jest Snapshot v1, https://goo.gl/fbAQLP

exports[`Loader exposes module with inline import syntax 1`] = `
Array [
  "module.exports = global[\\"foo\\"] = require(\\"-!./foo.js\\");",
]
`;

exports[`Loader exposes module with webpack configuration syntax 1`] = `
Array [
  "module.exports = global[\\"foo\\"] = require(\\"-!./foo.js\\");",
]
`;
